// Vitest Snapshot v1, https://vitest.dev/guide/snapshot.html

exports[`<SearchPage /> tests > should render the search page 1`] = `
<div>
  <main
    class="md:w-2/3 h-[calc(100vh-5rem)] mx-auto"
  >
    <section
      aria-labelledby="search-hero"
      class="p-2"
    >
      <header
        class="flex flex-col gap-2 items-center"
      >
        <h1
          class="text-center uppercase text-xl font-bold text-amber-500"
        >
          Find your favorite hero
        </h1>
        <form
          aria-label="form"
          class="flex align-center gap-8 p-5 w-full justify-evenly flex-col sm:flex-row @container"
        >
          <input
            aria-label="search hero"
            class="border-b-1 border-gray-500 p-2 focus:outline-none focus:border-amber-500 w-full @xs:w-7/12"
            name="searchHero"
            placeholder="batman, superman, spiderman, ironman..."
            type="text"
            value=""
          />
          <button
            class="bg-amber-500/50 px-1 py-0.5 rounded-xs hover:bg-amber-600 transition-all duration-300 ease-in-out cursor-pointer"
          >
            Find hero
          </button>
        </form>
      </header>
    </section>
    <section
      aria-labelledby="hero-info"
      class="grid grid-cols-1 sm:grid-cols-2 md:grid-cols-3 xl:grid-cols-4 gap-6 p-4"
    >
      <p
        aria-labelledby="message-find-hero"
        class="text-center text-gray-500"
      >
        Find to favorite Hero
      </p>
    </section>
  </main>
</div>
`;
