// Jest Snapshot v1, https://goo.gl/fbAQLP

exports[`Pruebas en <CounterApp /> Debe de hacer match con el snapshot 1`] = `
<div>
  <h1>
    CounterApp
  </h1>
  <h2
    data-testid="test-counter"
  >
    100
  </h2>
  <div
    class="cr-content-buttons"
  >
    <button>
       +1 
    </button>
    <button>
       -1 
    </button>
    <button
      aria-label="btn-reset"
    >
       Reset 
    </button>
  </div>
</div>
`;
